2024-05-24 16:19:37,299 - __main__ - INFO - 
2024-05-24 16:19:57,965 - __main__ - INFO - 
2024-05-24 16:20:22,510 - __main__ - INFO - 
2024-05-24 16:22:42,213 - __main__ - INFO - 
2024-05-24 16:26:01,688 - __main__ - INFO - 
2024-05-24 16:26:56,394 - __main__ - INFO - generate causal graphs from None auth.log
2024-05-24 16:28:05,834 - __main__ - INFO - generate causal graphs from None auth.log
2024-05-24 16:29:05,134 - __main__ - INFO - generate causal graphs from None auth.log
2024-05-24 16:29:31,996 - __main__ - INFO - generate causal graphs from None auth.log
2024-05-24 16:29:53,413 - __main__ - INFO - generate causal graphs from None auth.log
2024-05-24 16:30:59,819 - __main__ - INFO - generate causal graphs from None auth.log
2024-05-24 16:33:29,062 - __main__ - INFO - generate causal graphs from None auth.log
2024-05-24 16:34:39,291 - __main__ - INFO - generate causal graphs from None auth.log
2024-05-24 16:35:10,257 - __main__ - INFO - generate causal graphs from None auth.log
2024-05-24 16:35:33,122 - __main__ - INFO - generate causal graphs from None auth.log
2024-05-24 16:36:10,941 - __main__ - INFO - generate causal graphs from None auth.log
2024-05-24 16:36:25,903 - __main__ - INFO - generate causal graphs from None auth.log
2024-05-24 16:36:45,840 - __main__ - INFO - generate causal graphs from None auth.log
2024-06-08 11:55:53,522 - __main__ - INFO - generate causal graphs from dns /Users/zhuoran/Projects/UTLParser/src/data
2024-06-08 11:57:52,300 - __main__ - INFO - generate causal graphs from dns /Users/zhuoran/Projects/UTLParser/src/data
2024-06-08 11:59:30,385 - __main__ - INFO - generate causal graphs from dns /Users/zhuoran/Projects/UTLParser/src/unit_test/data
2024-06-08 12:00:06,657 - __main__ - INFO - generate causal graphs from dns /Users/zhuoran/Projects/UTLParser/src/unit_test/data
2024-06-08 12:01:41,388 - __main__ - INFO - generate causal graphs from dns /Users/zhuoran/Projects/UTLParser/unit_test/data
2024-06-08 12:05:51,237 - __main__ - INFO - generate causal graphs from dns /Users/zhuoran/Projects/UTLParser/unit_test/data
2024-06-08 12:06:04,752 - __main__ - INFO - generate causal graphs from dns /Users/zhuoran/Projects/UTLParser/unit_test/data
2024-06-08 12:06:24,934 - __main__ - INFO - generate causal graphs from dns /Users/zhuoran/Projects/UTLParser/unit_test/data
2024-06-08 12:39:45,838 - __main__ - INFO - generate causal graphs from dns /Users/zhuoran/Projects/UTLParser/unit_test/data
2024-06-08 12:40:58,341 - __main__ - INFO - generate causal graphs from dns /Users/zhuoran/Projects/UTLParser/unit_test/data/dns.log
2024-06-08 12:41:45,389 - __main__ - INFO - generate causal graphs from dns /Users/zhuoran/Projects/UTLParser/unit_test/data/dns.log
2024-06-08 12:42:13,104 - __main__ - INFO - generate causal graphs from dns /Users/zhuoran/Projects/UTLParser/unit_test/data/dns.log
2024-06-08 12:43:14,576 - __main__ - INFO - generate causal graphs from dns /Users/zhuoran/Projects/UTLParser/unit_test/data/dns.log
2024-06-08 12:43:28,948 - __main__ - INFO - generate causal graphs from dns /Users/zhuoran/Projects/UTLParser/unit_test/data/dns.log
2024-06-08 12:45:19,217 - __main__ - INFO - generate causal graphs from dns /Users/zhuoran/Projects/UTLParser/unit_test/data/dns.log
2024-06-08 12:46:00,830 - __main__ - INFO - generate causal graphs from dns /Users/zhuoran/Projects/UTLParser/unit_test/data/dns.log
2024-06-08 14:09:04,223 - __main__ - INFO - generate causal graphs from dns /Users/zhuoran/Projects/UTLParser/unit_test/data/dns.log
2024-06-08 14:19:06,000 - __main__ - INFO - generate causal graphs from dns /Users/zhuoran/Projects/UTLParser/unit_test/data/dns.log
2024-06-08 14:21:21,931 - __main__ - INFO - generate causal graphs from dns /Users/zhuoran/Projects/UTLParser/unit_test/data/dns.log
2024-06-08 14:24:02,392 - __main__ - INFO - generate causal graphs from dns /Users/zhuoran/Projects/UTLParser/unit_test/data/dns.log
2024-06-08 14:33:41,616 - __main__ - INFO - generate causal graphs from dns /Users/zhuoran/Projects/UTLParser/unit_test/data/dns.log
2024-06-08 14:34:52,634 - __main__ - INFO - generate causal graphs from dns /Users/zhuoran/Projects/UTLParser/unit_test/data/dns.log
2024-06-08 14:35:04,299 - __main__ - INFO - generate causal graphs from dns /Users/zhuoran/Projects/UTLParser/unit_test/data/dns.log
2024-06-08 14:35:24,474 - __main__ - INFO - generate causal graphs from dns /Users/zhuoran/Projects/UTLParser/unit_test/data/dns.log
2024-06-08 14:38:07,090 - __main__ - INFO - generate causal graphs from dns /Users/zhuoran/Projects/UTLParser/unit_test/data/dns.log
2024-06-08 14:38:59,903 - __main__ - INFO - generate causal graphs from dns /Users/zhuoran/Projects/UTLParser/unit_test/data/dns.log
2024-06-08 14:39:14,123 - __main__ - INFO - generate causal graphs from dns /Users/zhuoran/Projects/UTLParser/unit_test/data/dns.log
2024-06-08 14:39:38,194 - __main__ - INFO - generate causal graphs from dns /Users/zhuoran/Projects/UTLParser/unit_test/data/dns.log
2024-06-08 14:40:06,386 - __main__ - INFO - generate causal graphs from dns /Users/zhuoran/Projects/UTLParser/unit_test/data/dns.log
2024-06-08 14:42:15,082 - __main__ - INFO - generate causal graphs from dns /Users/zhuoran/Projects/UTLParser/unit_test/data/dns.log
2024-06-08 14:42:25,233 - __main__ - INFO - generate causal graphs from dns /Users/zhuoran/Projects/UTLParser/unit_test/data/dns.log
2024-06-08 14:42:55,250 - __main__ - INFO - generate causal graphs from dns /Users/zhuoran/Projects/UTLParser/unit_test/data/dns.log
2024-06-08 14:43:50,554 - __main__ - INFO - generate causal graphs from dns /Users/zhuoran/Projects/UTLParser/unit_test/data/dns.log
2024-06-08 14:44:20,470 - __main__ - INFO - generate causal graphs from dns /Users/zhuoran/Projects/UTLParser/unit_test/data/dns.log
2024-06-08 14:44:37,801 - __main__ - INFO - generate causal graphs from dns /Users/zhuoran/Projects/UTLParser/unit_test/data/dns.log
2024-06-08 14:45:27,106 - __main__ - INFO - generate causal graphs from dns /Users/zhuoran/Projects/UTLParser/unit_test/data/dns.log
2024-06-08 14:48:24,440 - __main__ - INFO - generate causal graphs from dns /Users/zhuoran/Projects/UTLParser/unit_test/data/dns.log
2024-06-08 17:04:00,803 - __main__ - INFO - generate causal graphs from dns /Users/zhuoran/Projects/UTLParser/unit_test/data/dns.log
2024-06-08 17:10:37,281 - __main__ - INFO - generate causal graphs from dns /Users/zhuoran/Projects/UTLParser/unit_test/data/dns.log
2024-06-08 17:11:56,189 - __main__ - INFO - generate causal graphs from dns /Users/zhuoran/Projects/UTLParser/unit_test/data/dns.log
2024-06-08 17:14:22,780 - __main__ - INFO - generate causal graphs from dns /Users/zhuoran/Projects/UTLParser/unit_test/data/dns.log
2024-06-10 10:47:08,869 - __main__ - INFO - generate causal graphs from None /Users/zhuoran/Projects/UTLParser/unit_test/data
2024-06-10 10:48:49,485 - __main__ - INFO - generate causal graphs from None /Users/zhuoran/Projects/UTLParser/unit_test/data
2024-06-10 10:49:02,191 - __main__ - INFO - generate causal graphs from None /Users/zhuoran/Projects/UTLParser/unit_test/data
2024-06-10 10:50:47,872 - __main__ - INFO - generate causal graphs from None /Users/zhuoran/Projects/UTLParser/unit_test/data
2024-06-10 10:57:41,801 - __main__ - INFO - generate causal graphs from None /Users/zhuoran/Projects/UTLParser/unit_test/data
2024-06-10 10:58:15,007 - __main__ - INFO - generate causal graphs from None /Users/zhuoran/Projects/UTLParser/unit_test/data
2024-06-10 10:59:36,497 - __main__ - INFO - generate causal graphs from None /Users/zhuoran/Projects/UTLParser/unit_test/data
2024-06-10 11:00:05,967 - __main__ - INFO - generate causal graphs from None /Users/zhuoran/Projects/UTLParser/unit_test/data
2024-06-10 11:02:02,180 - __main__ - INFO - generate causal graphs from None /Users/zhuoran/Projects/UTLParser/unit_test/data
2024-06-10 11:04:19,259 - __main__ - INFO - generate causal graphs from None /Users/zhuoran/Projects/UTLParser/unit_test/data
2024-06-10 11:04:48,350 - __main__ - INFO - generate causal graphs from None /Users/zhuoran/Projects/UTLParser/unit_test/data
2024-06-10 11:05:51,615 - __main__ - INFO - generate causal graphs from None /Users/zhuoran/Projects/UTLParser/unit_test/data
2024-06-10 11:07:55,265 - __main__ - INFO - generate causal graphs from None /Users/zhuoran/Projects/UTLParser/unit_test/data
2024-06-10 11:08:14,547 - __main__ - INFO - generate causal graphs from None /Users/zhuoran/Projects/UTLParser/unit_test/data
2024-06-10 11:08:28,273 - __main__ - INFO - generate causal graphs from None /Users/zhuoran/Projects/UTLParser/unit_test/data
2024-06-10 11:15:22,479 - __main__ - INFO - generate causal graphs from None /Users/zhuoran/Projects/UTLParser/unit_test/data
2024-06-10 11:15:49,608 - __main__ - INFO - generate causal graphs from None /Users/zhuoran/Projects/UTLParser/unit_test/data
2024-06-10 11:41:50,717 - __main__ - INFO - generate causal graphs from None /Users/zhuoran/Projects/UTLParser/unit_test/data
2024-06-10 11:51:59,313 - __main__ - INFO - generate causal graphs from None /Users/zhuoran/Projects/UTLParser/unit_test/data
2024-06-10 11:52:46,012 - __main__ - INFO - generate causal graphs from None /Users/zhuoran/Projects/UTLParser/unit_test/data
2024-06-10 11:54:16,853 - __main__ - INFO - generate causal graphs from None /Users/zhuoran/Projects/UTLParser/unit_test/data
2024-06-10 11:54:50,018 - __main__ - INFO - generate causal graphs from None /Users/zhuoran/Projects/UTLParser/unit_test/data
2024-06-10 11:56:19,205 - __main__ - INFO - generate causal graphs from None /Users/zhuoran/Projects/UTLParser/unit_test/data
2024-06-10 11:56:27,571 - __main__ - INFO - generate causal graphs from None /Users/zhuoran/Projects/UTLParser/unit_test/data
2024-06-14 12:11:56,174 - __main__ - INFO - generate causal graphs from None /Users/zhuoran/Projects/UTLParser/unit_test/data
2024-06-14 15:20:41,961 - __main__ - INFO - generate causal graphs from None /Users/zhuoran/Projects/UTLParser/unit_test/data
2024-06-14 15:24:38,898 - __main__ - INFO - generate causal graphs from None /Users/zhuoran/Projects/UTLParser/unit_test/data
2024-06-14 15:28:24,049 - __main__ - INFO - generate causal graphs from None /Users/zhuoran/Projects/UTLParser/unit_test/data
2024-06-14 15:28:46,337 - __main__ - INFO - generate causal graphs from None /Users/zhuoran/Projects/UTLParser/unit_test/data
2024-06-14 15:29:14,846 - __main__ - INFO - generate causal graphs from None /Users/zhuoran/Projects/UTLParser/unit_test/data
2024-06-14 15:54:02,755 - __main__ - INFO - generate causal graphs from None /Users/zhuoran/Projects/UTLParser/unit_test/data
2024-06-14 15:55:07,418 - __main__ - INFO - generate causal graphs from None /Users/zhuoran/Projects/UTLParser/unit_test/data
2024-06-14 15:55:45,471 - __main__ - INFO - generate causal graphs from None /Users/zhuoran/Projects/UTLParser/unit_test/data
2024-06-14 16:43:56,324 - __main__ - INFO - generate causal graphs from None /Users/zhuoran/Projects/UTLParser/unit_test/data
2025-03-20 15:00:22,676 - __main__ - INFO - generate causal graphs from dns ../unit_test/data/dns.log
2025-03-20 15:00:22,677 - __main__ - INFO - Sumbitting task to process log: /Users/zhuoran/Projects/UTLParser/unit_test/data/../unit_test/data/dns.log
2025-03-20 15:03:30,352 - __main__ - INFO - generate causal graphs from dns ../unit_test/data/dns.log
2025-03-20 15:03:30,352 - __main__ - INFO - Sumbitting task to process log: /Users/zhuoran/Projects/UTLParser/unit_test/data/../unit_test/data/dns.log
2025-03-20 15:07:46,649 - __main__ - INFO - generate causal graphs from dns ../unit_test/data/dns.log
2025-03-20 15:07:46,649 - __main__ - INFO - Sumbitting task to process log: /Users/zhuoran/Projects/UTLParser/unit_test/data/../unit_test/data/dns.log
2025-03-20 15:08:50,306 - __main__ - INFO - generate causal graphs from dns ../unit_test/data/dns.log
2025-03-20 15:08:50,307 - __main__ - INFO - Sumbitting task to process log: /Users/zhuoran/Projects/UTLParser/unit_test/data/../unit_test/data/dns.log
2025-03-20 15:09:26,031 - __main__ - INFO - generate causal graphs from dns ../unit_test/data/dns.log
2025-03-20 15:09:26,031 - __main__ - INFO - Sumbitting task to process log: /Users/zhuoran/Projects/UTLParser/unit_test/data/../unit_test/data/dns.log
2025-03-20 15:11:34,668 - __main__ - INFO - generate causal graphs from dns ../unit_test/data/dns.log
2025-03-20 15:11:34,668 - __main__ - INFO - Sumbitting task to process log: /Users/zhuoran/Projects/UTLParser/unit_test/data/../unit_test/data/dns.log
2025-03-20 15:13:27,307 - __main__ - INFO - generate causal graphs from dns dns.log
2025-03-20 15:13:27,307 - __main__ - INFO - Sumbitting task to process log: /Users/zhuoran/Projects/UTLParser/unit_test/data/dns.log
2026-06-08 11:29:40,068 - __main__ - INFO - generate causal graphs from dns dns.log
2026-06-08 11:29:40,068 - __main__ - INFO - Sumbitting task to process log: /home/emeson/Área de trabalho/LACIS/artigo/UTLParser/unit_test/data/dns.log
2026-06-08 11:32:45,700 - __main__ - INFO - generate causal graphs from dns dns.log
2026-06-08 11:32:45,701 - __main__ - INFO - Sumbitting task to process log: /home/emeson/Área de trabalho/LACIS/artigo/UTLParser/unit_test/data/dns.log
2026-06-08 11:52:48,263 - __main__ - INFO - generate causal graphs from dns dns.log
2026-06-08 11:52:48,263 - __main__ - INFO - Sumbitting task to process log: /home/emeson/Área de trabalho/LACIS/artigo/UTLParser/unit_test/data/dns.log
2026-06-08 12:22:22,409 - __main__ - INFO - generate causal graphs from dns dns.log
2026-06-08 12:22:22,410 - __main__ - INFO - Sumbitting task to process log: /home/emeson/Área de trabalho/LACIS/artigo/UTLParser/unit_test/data/dns.log
2026-06-08 12:24:09,366 - __main__ - INFO - generate causal graphs from dns dns.log
2026-06-08 12:24:09,367 - __main__ - INFO - Sumbitting task to process log: /home/emeson/Área de trabalho/LACIS/artigo/UTLParser/unit_test/data/dns.log
2026-06-08 12:31:31,504 - __main__ - INFO - generate causal graphs from dns dns.log
2026-06-08 12:31:31,504 - __main__ - INFO - Sumbitting task to process log: /home/emeson/Área de trabalho/LACIS/artigo/UTLParser/unit_test/data/dns.log
2026-06-08 13:13:17,135 - __main__ - INFO - generate causal graphs from dns dns.log
2026-06-08 13:13:17,136 - __main__ - INFO - Sumbitting task to process log: /home/emeson/Desktop/LACIS/artigo/UTLParser/unit_test/data/dns.log
2026-09-03 15:15:43,072 - __main__ - INFO - generate causal graphs from None /home/thiagorm/Projects/UTLParser/unit_test/data
2026-09-03 15:17:56,721 - __main__ - INFO - generate causal graphs from None /home/thiagorm/Projects/UTLParser/unit_test/data
2026-09-03 15:21:40,945 - __main__ - INFO - generate causal graphs from None /home/thiagorm/Projects/UTLParser/unit_test/data
2026-09-03 15:33:31,918 - __main__ - INFO - generate causal graphs from None /home/thiagorm/Projects/UTLParser/unit_test/data
2026-09-03 15:45:45,431 - __main__ - INFO - generate causal graphs from None /home/thiagorm/Projects/UTLParser/unit_test/data
2026-09-03 15:50:40,031 - __main__ - INFO - generate causal graphs from None /home/thiagorm/Projects/UTLParser/unit_test/data
2026-09-03 16:00:21,936 - __main__ - INFO - generate causal graphs from None /home/thiagorm/Projects/UTLParser/unit_test/data
2026-09-03 16:09:02,293 - __main__ - INFO - generate causal graphs from None /home/thiagorm/Projects/UTLParser/unit_test/data
2026-09-03 16:12:21,459 - __main__ - INFO - All log processing tasks completed.
